// Jest Snapshot v1, https://goo.gl/fbAQLP

exports[`doesn't conflict with Prettier: message 1`] = `
"No rules that are unnecessary or conflict with Prettier were found.
"
`;

exports[`doesn't conflict with Prettier: success 1`] = `true`;

exports[`lints with the web config: fixtures/all-00.js 1`] = `
Object {
  "errorCount": 0,
  "fixableErrorCount": 0,
  "fixableWarningCount": 0,
  "messages": Array [],
  "warningCount": 0,
}
`;

exports[`lints with the web config: fixtures/all-01.ts 1`] = `
Object {
  "errorCount": 0,
  "fixableErrorCount": 0,
  "fixableWarningCount": 0,
  "messages": Array [],
  "warningCount": 0,
}
`;

exports[`lints with the web config: fixtures/all-02.js 1`] = `
Object {
  "errorCount": 0,
  "fixableErrorCount": 0,
  "fixableWarningCount": 0,
  "messages": Array [
    Object {
      "column": 5,
      "endColumn": 12,
      "endLine": 1,
      "line": 1,
      "message": "'unused1' is assigned a value but never used.",
      "nodeType": "Identifier",
      "ruleId": "@typescript-eslint/no-unused-vars",
      "severity": 1,
    },
    Object {
      "column": 10,
      "endColumn": 17,
      "endLine": 3,
      "line": 3,
      "message": "'unused2' is defined but never used.",
      "nodeType": "Identifier",
      "ruleId": "@typescript-eslint/no-unused-vars",
      "severity": 1,
    },
    Object {
      "column": 7,
      "endColumn": 14,
      "endLine": 4,
      "line": 4,
      "message": "'unused3' is assigned a value but never used.",
      "nodeType": "Identifier",
      "ruleId": "@typescript-eslint/no-unused-vars",
      "severity": 1,
    },
  ],
  "source": "let unused1 = 0;

function unused2() {
  let unused3 = 'hi';
}
",
  "warningCount": 3,
}
`;

exports[`lints with the web config: fixtures/all-03.ts 1`] = `
Object {
  "errorCount": 0,
  "fixableErrorCount": 0,
  "fixableWarningCount": 0,
  "messages": Array [
    Object {
      "column": 5,
      "endColumn": 14,
      "endLine": 1,
      "line": 1,
      "message": "'tsUnused1' is assigned a value but never used.",
      "nodeType": "Identifier",
      "ruleId": "@typescript-eslint/no-unused-vars",
      "severity": 1,
    },
    Object {
      "column": 10,
      "endColumn": 19,
      "endLine": 3,
      "line": 3,
      "message": "'tsUnused2' is defined but never used.",
      "nodeType": "Identifier",
      "ruleId": "@typescript-eslint/no-unused-vars",
      "severity": 1,
    },
    Object {
      "column": 7,
      "endColumn": 13,
      "endLine": 5,
      "line": 5,
      "message": "'asCast' is assigned a value but never used.",
      "nodeType": "Identifier",
      "ruleId": "@typescript-eslint/no-unused-vars",
      "severity": 1,
    },
    Object {
      "column": 7,
      "endColumn": 23,
      "endLine": 6,
      "line": 6,
      "message": "'angleBracketCast' is assigned a value but never used.",
      "nodeType": "Identifier",
      "ruleId": "@typescript-eslint/no-unused-vars",
      "severity": 1,
    },
    Object {
      "column": 26,
      "endColumn": 35,
      "endLine": 6,
      "line": 6,
      "message": "Use 'as string' instead of '<string>'.",
      "messageId": "as",
      "nodeType": "TSTypeAssertion",
      "ruleId": "@typescript-eslint/consistent-type-assertions",
      "severity": 1,
    },
  ],
  "source": "let tsUnused1 = 0;

function tsUnused2() {
  let x: any = 'hi';
  let asCast = x as string;
  let angleBracketCast = <string>x;
}
",
  "warningCount": 5,
}
`;

exports[`lints with the web config: fixtures/web-native-00.js 1`] = `
Object {
  "errorCount": 1,
  "fixableErrorCount": 0,
  "fixableWarningCount": 0,
  "messages": Array [
    Object {
      "column": 9,
      "endColumn": 26,
      "endLine": 31,
      "line": 31,
      "message": "'SharedArrayBuffer' is not defined.",
      "messageId": "undef",
      "nodeType": "Identifier",
      "ruleId": "no-undef",
      "severity": 2,
    },
  ],
  "source": "// @flow
import React from 'react';
import { connect } from 'react-redux';

export default
@connect()
class Example extends React.Component {
  state = {
    x: 'x',
    ...{
      y: 'y',
    },
  };

  props: { x: string };

  static getInitialProps() {}

  constructor(props, context) {
    super(props, context);
    this.state = {
      ...this.state,
      x: props.x,
    };
  }

  componentDidMount() {
    fetch('http://example.com');
    new XMLHttpRequest().send();
    Uint16Array.from([1, 2, 3, 4, 5]);
    new SharedArrayBuffer(16).slice();
  }

  shouldComponentUpdate() {}

  render() {
    return <div>{this.state.x}</div>;
  }

  _handleWhatever() {}
}
",
  "warningCount": 0,
}
`;

exports[`lints with the web config: fixtures/web-native-01.js 1`] = `
Object {
  "errorCount": 0,
  "fixableErrorCount": 0,
  "fixableWarningCount": 0,
  "messages": Array [
    Object {
      "column": 5,
      "endColumn": 18,
      "endLine": 8,
      "line": 8,
      "message": "Do not use setState in componentDidMount",
      "nodeType": "MemberExpression",
      "ruleId": "react/no-did-mount-set-state",
      "severity": 1,
    },
  ],
  "source": "import React from 'react';

export default class Example extends React.Component {
  props = { x: 'x' };

  componentDidMount() {
    alert('uh oh');
    this.setState({});
  }

  render() {
    return <div>{this.props.x}</div>;
  }
}
",
  "warningCount": 1,
}
`;

exports[`lints with the web config: fixtures/web-native-02.js 1`] = `
Object {
  "errorCount": 0,
  "fixableErrorCount": 0,
  "fixableWarningCount": 0,
  "messages": Array [],
  "warningCount": 0,
}
`;

exports[`lints with the web config: fixtures/web-native-03.js 1`] = `
Object {
  "errorCount": 0,
  "fixableErrorCount": 0,
  "fixableWarningCount": 0,
  "messages": Array [],
  "output": "import React from 'react';
import { View } from 'react-native';

export default function Example() {
  return <View testID=\\"test\\" />;
}
",
  "warningCount": 0,
}
`;
