// Jest Snapshot v1, https://goo.gl/fbAQLP

exports[`"lazyImports" option accepts ["inline-comp", "./inline-func", "../inline-func-with-side-effects.fx.ts"] 1`] = `
"var _interopRequireDefault=require(\\"@babel/runtime/helpers/interopRequireDefault\\");var _interopRequireWildcard=require(\\"@babel/runtime/helpers/interopRequireWildcard\\");Object.defineProperty(exports,\\"__esModule\\",{value:true});exports.default=void 0;var _classCallCheck2=_interopRequireDefault(require(\\"@babel/runtime/helpers/classCallCheck\\"));var _createClass2=_interopRequireDefault(require(\\"@babel/runtime/helpers/createClass\\"));var _possibleConstructorReturn2=_interopRequireDefault(require(\\"@babel/runtime/helpers/possibleConstructorReturn\\"));var _getPrototypeOf2=_interopRequireDefault(require(\\"@babel/runtime/helpers/getPrototypeOf\\"));var _inherits2=_interopRequireDefault(require(\\"@babel/runtime/helpers/inherits\\"));var _expo=require(\\"expo\\");
var _expoAsset=require(\\"expo-asset\\");
var _react=_interopRequireDefault(require(\\"react\\"));
var _reactNative=require(\\"react-native\\");
var _reactRedux=require(\\"react-redux\\");
var _vectorIcons=require(\\"@expo/vector-icons\\");
require(\\"Foo\\");
var Boo=_interopRequireWildcard(require(\\"Boo\\"));
var _fooView=_interopRequireDefault(require(\\"foo-view\\"));
function _inlineComp(){var data=_interopRequireDefault(require(\\"inline-comp\\"));_inlineComp=function _inlineComp(){return data;};return data;}
require(\\"./local-file/i-have-side-effects.fx.js\\");
require(\\"../i-also-have-side-effects.fx\\");
function _inlineFunc(){var data=_interopRequireDefault(require(\\"./inline-func\\"));_inlineFunc=function _inlineFunc(){return data;};return data;}
function _inlineFuncWithSideEffectsFx(){var data=_interopRequireDefault(require(\\"../inline-func-with-side-effects.fx.ts\\"));_inlineFuncWithSideEffectsFx=function _inlineFuncWithSideEffectsFx(){return data;};return data;}var _dec,_class;var


Lazy=(_dec=(0,_reactRedux.connect)(),_dec(_class=function(_React$Component){(0,_inherits2.default)(Lazy,_React$Component);function Lazy(){(0,_classCallCheck2.default)(this,Lazy);return(0,_possibleConstructorReturn2.default)(this,(0,_getPrototypeOf2.default)(Lazy).apply(this,arguments));}(0,_createClass2.default)(Lazy,[{key:\\"componentDidMount\\",value:function componentDidMount()
{
console.log('Calling InlineFuncFromPackage()');
(0,_inlineComp().default)();

console.log('Calling InlineFuncFromFile()');
(0,_inlineFunc().default)();

console.log('Calling Boo.myFunc()');
Boo.myFunc();

_expoAsset.Asset.loadAsync([require(\\"./assets/icon.png\\")]);
}},{key:\\"render\\",value:function render()

{
return(
_react.default.createElement(_reactNative.View,null,
_react.default.createElement(_expo.AppLoading,null),
_react.default.createElement(_vectorIcons.Ionicons,{name:\\"md-options\\",size:28}),
_react.default.createElement(_fooView.default,null)));


}},{key:\\"unusedFunction\\",value:function unusedFunction()

{
(0,_inlineFuncWithSideEffectsFx().default)();
}}]);return Lazy;}(_react.default.Component))||_class);var _default=


Lazy;exports.default=_default;"
`;

exports[`"lazyImports" option accepts [Function anonymous] 1`] = `
"var _interopRequireDefault=require(\\"@babel/runtime/helpers/interopRequireDefault\\");var _interopRequireWildcard=require(\\"@babel/runtime/helpers/interopRequireWildcard\\");Object.defineProperty(exports,\\"__esModule\\",{value:true});exports.default=void 0;function _classCallCheck2(){var data=_interopRequireDefault(require(\\"@babel/runtime/helpers/classCallCheck\\"));_classCallCheck2=function _classCallCheck2(){return data;};return data;}function _createClass2(){var data=_interopRequireDefault(require(\\"@babel/runtime/helpers/createClass\\"));_createClass2=function _createClass2(){return data;};return data;}function _possibleConstructorReturn2(){var data=_interopRequireDefault(require(\\"@babel/runtime/helpers/possibleConstructorReturn\\"));_possibleConstructorReturn2=function _possibleConstructorReturn2(){return data;};return data;}function _getPrototypeOf2(){var data=_interopRequireDefault(require(\\"@babel/runtime/helpers/getPrototypeOf\\"));_getPrototypeOf2=function _getPrototypeOf2(){return data;};return data;}function _inherits2(){var data=_interopRequireDefault(require(\\"@babel/runtime/helpers/inherits\\"));_inherits2=function _inherits2(){return data;};return data;}function _expo(){var data=require(\\"expo\\");_expo=function _expo(){return data;};return data;}
function _expoAsset(){var data=require(\\"expo-asset\\");_expoAsset=function _expoAsset(){return data;};return data;}
function _react(){var data=_interopRequireDefault(require(\\"react\\"));_react=function _react(){return data;};return data;}
function _reactNative(){var data=require(\\"react-native\\");_reactNative=function _reactNative(){return data;};return data;}
function _reactRedux(){var data=require(\\"react-redux\\");_reactRedux=function _reactRedux(){return data;};return data;}
function _vectorIcons(){var data=require(\\"@expo/vector-icons\\");_vectorIcons=function _vectorIcons(){return data;};return data;}
require(\\"Foo\\");
function Boo(){var data=_interopRequireWildcard(require(\\"Boo\\"));Boo=function Boo(){return data;};return data;}
function _fooView(){var data=_interopRequireDefault(require(\\"foo-view\\"));_fooView=function _fooView(){return data;};return data;}
function _inlineComp(){var data=_interopRequireDefault(require(\\"inline-comp\\"));_inlineComp=function _inlineComp(){return data;};return data;}
require(\\"./local-file/i-have-side-effects.fx.js\\");
require(\\"../i-also-have-side-effects.fx\\");
function _inlineFunc(){var data=_interopRequireDefault(require(\\"./inline-func\\"));_inlineFunc=function _inlineFunc(){return data;};return data;}
var _inlineFuncWithSideEffectsFx=_interopRequireDefault(require(\\"../inline-func-with-side-effects.fx.ts\\"));var _dec,_class;var


Lazy=(_dec=(0,_reactRedux().connect)(),_dec(_class=function(_React$Component){(0,_inherits2().default)(Lazy,_React$Component);function Lazy(){(0,_classCallCheck2().default)(this,Lazy);return(0,_possibleConstructorReturn2().default)(this,(0,_getPrototypeOf2().default)(Lazy).apply(this,arguments));}(0,_createClass2().default)(Lazy,[{key:\\"componentDidMount\\",value:function componentDidMount()
{
console.log('Calling InlineFuncFromPackage()');
(0,_inlineComp().default)();

console.log('Calling InlineFuncFromFile()');
(0,_inlineFunc().default)();

console.log('Calling Boo.myFunc()');
Boo().myFunc();

_expoAsset().Asset.loadAsync([require(\\"./assets/icon.png\\")]);
}},{key:\\"render\\",value:function render()

{
return(
_react().default.createElement(_reactNative().View,null,
_react().default.createElement(_expo().AppLoading,null),
_react().default.createElement(_vectorIcons().Ionicons,{name:\\"md-options\\",size:28}),
_react().default.createElement(_fooView().default,null)));


}},{key:\\"unusedFunction\\",value:function unusedFunction()

{
(0,_inlineFuncWithSideEffectsFx.default)();
}}]);return Lazy;}(_react().default.Component))||_class);var _default=


Lazy;exports.default=_default;"
`;

exports[`"lazyImports" option accepts false 1`] = `
"var _interopRequireDefault=require(\\"@babel/runtime/helpers/interopRequireDefault\\");var _interopRequireWildcard=require(\\"@babel/runtime/helpers/interopRequireWildcard\\");Object.defineProperty(exports,\\"__esModule\\",{value:true});exports.default=void 0;var _classCallCheck2=_interopRequireDefault(require(\\"@babel/runtime/helpers/classCallCheck\\"));var _createClass2=_interopRequireDefault(require(\\"@babel/runtime/helpers/createClass\\"));var _possibleConstructorReturn2=_interopRequireDefault(require(\\"@babel/runtime/helpers/possibleConstructorReturn\\"));var _getPrototypeOf2=_interopRequireDefault(require(\\"@babel/runtime/helpers/getPrototypeOf\\"));var _inherits2=_interopRequireDefault(require(\\"@babel/runtime/helpers/inherits\\"));var _expo=require(\\"expo\\");
var _expoAsset=require(\\"expo-asset\\");
var _react=_interopRequireDefault(require(\\"react\\"));
var _reactNative=require(\\"react-native\\");
var _reactRedux=require(\\"react-redux\\");
var _vectorIcons=require(\\"@expo/vector-icons\\");
require(\\"Foo\\");
var Boo=_interopRequireWildcard(require(\\"Boo\\"));
var _fooView=_interopRequireDefault(require(\\"foo-view\\"));
var _inlineComp=_interopRequireDefault(require(\\"inline-comp\\"));
require(\\"./local-file/i-have-side-effects.fx.js\\");
require(\\"../i-also-have-side-effects.fx\\");
var _inlineFunc=_interopRequireDefault(require(\\"./inline-func\\"));
var _inlineFuncWithSideEffectsFx=_interopRequireDefault(require(\\"../inline-func-with-side-effects.fx.ts\\"));var _dec,_class;var


Lazy=(_dec=(0,_reactRedux.connect)(),_dec(_class=function(_React$Component){(0,_inherits2.default)(Lazy,_React$Component);function Lazy(){(0,_classCallCheck2.default)(this,Lazy);return(0,_possibleConstructorReturn2.default)(this,(0,_getPrototypeOf2.default)(Lazy).apply(this,arguments));}(0,_createClass2.default)(Lazy,[{key:\\"componentDidMount\\",value:function componentDidMount()
{
console.log('Calling InlineFuncFromPackage()');
(0,_inlineComp.default)();

console.log('Calling InlineFuncFromFile()');
(0,_inlineFunc.default)();

console.log('Calling Boo.myFunc()');
Boo.myFunc();

_expoAsset.Asset.loadAsync([require(\\"./assets/icon.png\\")]);
}},{key:\\"render\\",value:function render()

{
return(
_react.default.createElement(_reactNative.View,null,
_react.default.createElement(_expo.AppLoading,null),
_react.default.createElement(_vectorIcons.Ionicons,{name:\\"md-options\\",size:28}),
_react.default.createElement(_fooView.default,null)));


}},{key:\\"unusedFunction\\",value:function unusedFunction()

{
(0,_inlineFuncWithSideEffectsFx.default)();
}}]);return Lazy;}(_react.default.Component))||_class);var _default=


Lazy;exports.default=_default;"
`;

exports[`"lazyImports" option accepts null 1`] = `
"var _interopRequireDefault=require(\\"@babel/runtime/helpers/interopRequireDefault\\");var _interopRequireWildcard=require(\\"@babel/runtime/helpers/interopRequireWildcard\\");Object.defineProperty(exports,\\"__esModule\\",{value:true});exports.default=void 0;var _classCallCheck2=_interopRequireDefault(require(\\"@babel/runtime/helpers/classCallCheck\\"));var _createClass2=_interopRequireDefault(require(\\"@babel/runtime/helpers/createClass\\"));var _possibleConstructorReturn2=_interopRequireDefault(require(\\"@babel/runtime/helpers/possibleConstructorReturn\\"));var _getPrototypeOf2=_interopRequireDefault(require(\\"@babel/runtime/helpers/getPrototypeOf\\"));var _inherits2=_interopRequireDefault(require(\\"@babel/runtime/helpers/inherits\\"));var _expo=require(\\"expo\\");
var _expoAsset=require(\\"expo-asset\\");
var _react=_interopRequireDefault(require(\\"react\\"));
var _reactNative=require(\\"react-native\\");
var _reactRedux=require(\\"react-redux\\");
var _vectorIcons=require(\\"@expo/vector-icons\\");
require(\\"Foo\\");
var Boo=_interopRequireWildcard(require(\\"Boo\\"));
var _fooView=_interopRequireDefault(require(\\"foo-view\\"));
var _inlineComp=_interopRequireDefault(require(\\"inline-comp\\"));
require(\\"./local-file/i-have-side-effects.fx.js\\");
require(\\"../i-also-have-side-effects.fx\\");
var _inlineFunc=_interopRequireDefault(require(\\"./inline-func\\"));
var _inlineFuncWithSideEffectsFx=_interopRequireDefault(require(\\"../inline-func-with-side-effects.fx.ts\\"));var _dec,_class;var


Lazy=(_dec=(0,_reactRedux.connect)(),_dec(_class=function(_React$Component){(0,_inherits2.default)(Lazy,_React$Component);function Lazy(){(0,_classCallCheck2.default)(this,Lazy);return(0,_possibleConstructorReturn2.default)(this,(0,_getPrototypeOf2.default)(Lazy).apply(this,arguments));}(0,_createClass2.default)(Lazy,[{key:\\"componentDidMount\\",value:function componentDidMount()
{
console.log('Calling InlineFuncFromPackage()');
(0,_inlineComp.default)();

console.log('Calling InlineFuncFromFile()');
(0,_inlineFunc.default)();

console.log('Calling Boo.myFunc()');
Boo.myFunc();

_expoAsset.Asset.loadAsync([require(\\"./assets/icon.png\\")]);
}},{key:\\"render\\",value:function render()

{
return(
_react.default.createElement(_reactNative.View,null,
_react.default.createElement(_expo.AppLoading,null),
_react.default.createElement(_vectorIcons.Ionicons,{name:\\"md-options\\",size:28}),
_react.default.createElement(_fooView.default,null)));


}},{key:\\"unusedFunction\\",value:function unusedFunction()

{
(0,_inlineFuncWithSideEffectsFx.default)();
}}]);return Lazy;}(_react.default.Component))||_class);var _default=


Lazy;exports.default=_default;"
`;

exports[`"lazyImports" option accepts true 1`] = `
"var _interopRequireDefault=require(\\"@babel/runtime/helpers/interopRequireDefault\\");var _interopRequireWildcard=require(\\"@babel/runtime/helpers/interopRequireWildcard\\");Object.defineProperty(exports,\\"__esModule\\",{value:true});exports.default=void 0;function _classCallCheck2(){var data=_interopRequireDefault(require(\\"@babel/runtime/helpers/classCallCheck\\"));_classCallCheck2=function _classCallCheck2(){return data;};return data;}function _createClass2(){var data=_interopRequireDefault(require(\\"@babel/runtime/helpers/createClass\\"));_createClass2=function _createClass2(){return data;};return data;}function _possibleConstructorReturn2(){var data=_interopRequireDefault(require(\\"@babel/runtime/helpers/possibleConstructorReturn\\"));_possibleConstructorReturn2=function _possibleConstructorReturn2(){return data;};return data;}function _getPrototypeOf2(){var data=_interopRequireDefault(require(\\"@babel/runtime/helpers/getPrototypeOf\\"));_getPrototypeOf2=function _getPrototypeOf2(){return data;};return data;}function _inherits2(){var data=_interopRequireDefault(require(\\"@babel/runtime/helpers/inherits\\"));_inherits2=function _inherits2(){return data;};return data;}var _expo=require(\\"expo\\");
var _expoAsset=require(\\"expo-asset\\");
function _react(){var data=_interopRequireDefault(require(\\"react\\"));_react=function _react(){return data;};return data;}
function _reactNative(){var data=require(\\"react-native\\");_reactNative=function _reactNative(){return data;};return data;}
function _reactRedux(){var data=require(\\"react-redux\\");_reactRedux=function _reactRedux(){return data;};return data;}
function _vectorIcons(){var data=require(\\"@expo/vector-icons\\");_vectorIcons=function _vectorIcons(){return data;};return data;}
require(\\"Foo\\");
function Boo(){var data=_interopRequireWildcard(require(\\"Boo\\"));Boo=function Boo(){return data;};return data;}
function _fooView(){var data=_interopRequireDefault(require(\\"foo-view\\"));_fooView=function _fooView(){return data;};return data;}
function _inlineComp(){var data=_interopRequireDefault(require(\\"inline-comp\\"));_inlineComp=function _inlineComp(){return data;};return data;}
require(\\"./local-file/i-have-side-effects.fx.js\\");
require(\\"../i-also-have-side-effects.fx\\");
var _inlineFunc=_interopRequireDefault(require(\\"./inline-func\\"));
var _inlineFuncWithSideEffectsFx=_interopRequireDefault(require(\\"../inline-func-with-side-effects.fx.ts\\"));var _dec,_class;var


Lazy=(_dec=(0,_reactRedux().connect)(),_dec(_class=function(_React$Component){(0,_inherits2().default)(Lazy,_React$Component);function Lazy(){(0,_classCallCheck2().default)(this,Lazy);return(0,_possibleConstructorReturn2().default)(this,(0,_getPrototypeOf2().default)(Lazy).apply(this,arguments));}(0,_createClass2().default)(Lazy,[{key:\\"componentDidMount\\",value:function componentDidMount()
{
console.log('Calling InlineFuncFromPackage()');
(0,_inlineComp().default)();

console.log('Calling InlineFuncFromFile()');
(0,_inlineFunc.default)();

console.log('Calling Boo.myFunc()');
Boo().myFunc();

_expoAsset.Asset.loadAsync([require(\\"./assets/icon.png\\")]);
}},{key:\\"render\\",value:function render()

{
return(
_react().default.createElement(_reactNative().View,null,
_react().default.createElement(_expo.AppLoading,null),
_react().default.createElement(_vectorIcons().Ionicons,{name:\\"md-options\\",size:28}),
_react().default.createElement(_fooView().default,null)));


}},{key:\\"unusedFunction\\",value:function unusedFunction()

{
(0,_inlineFuncWithSideEffectsFx.default)();
}}]);return Lazy;}(_react().default.Component))||_class);var _default=


Lazy;exports.default=_default;"
`;

exports[`metro aliases @expo/vector-icons 1`] = `
"
require(\\"@expo/vector-icons\\");
require(\\"@expo/vector-icons\\");
imposter.require('react-native-vector-icons');
imposter.import('react-native-vector-icons');"
`;

exports[`metro composes with babel-plugin-module-resolver 1`] = `
"
require(\\"react-native\\");
require(\\"@expo/vector-icons\\");"
`;

exports[`metro uses the platform's react-native import 1`] = `
"
var _reactNative=require(\\"react-native\\");"
`;

exports[`webpack aliases @expo/vector-icons 1`] = `
"
import\\"@expo/vector-icons\\";
require(\\"@expo/vector-icons\\");
imposter.require('react-native-vector-icons');
imposter.import('react-native-vector-icons');"
`;

exports[`webpack composes with babel-plugin-module-resolver 1`] = `
"
import\\"react-native\\";
import\\"@expo/vector-icons\\";"
`;

exports[`webpack uses the platform's react-native import 1`] = `"import View from\\"react-native-web/dist/exports/View\\";"`;
